<html>
<body>
<pre>
<h1>µVision Build Log</h1>
<h2>Tool Versions:</h2>
IDE-Version: ¦ÌVision V5.28.0.0
Copyright (C) 2019 ARM Ltd and ARM Germany GmbH. All rights reserved.
License Information: liu Sangday, aa, LIC=7YKNN-Y3WWG-PFDIX-HZQWD-ANN0V-04A1Y
 
Tool Versions:
Toolchain:       MDK-ARM Professional  Version: 5.28.0.0
Toolchain Path:  E:\keil\keil_mdk_r\ARM\ARMCC\Bin
C Compiler:      Armcc.exe V5.06 update 6 (build 750)
Assembler:       Armasm.exe V5.06 update 6 (build 750)
Linker/Locator:  ArmLink.exe V5.06 update 6 (build 750)
Library Manager: ArmAr.exe V5.06 update 6 (build 750)
Hex Converter:   FromElf.exe V5.06 update 6 (build 750)
CPU DLL:         SARMCM3.DLL V5.28.0.0
Dialog DLL:      DCM.DLL V1.17.3.0
Target DLL:      STLink\ST-LINKIII-KEIL_SWO.dll V3.0.6.0
Dialog DLL:      TCM.DLL V1.36.2.0
 
<h2>Project:</h2>
D:\fake-magi\stm32 mbox\f103c8t6\first\MDK-ARM\first.uvprojx
Project File Date:  02/01/2021

<h2>Output:</h2>
*** Using Compiler 'V5.06 update 6 (build 750)', folder: 'E:\keil\keil_mdk_r\ARM\ARMCC\Bin'
Build target 'first'
compiling main.c...
../Src/main.c(66): warning:  #1295-D: Deprecated declaration set_data - give arg types
  void set_data();
../Src/main.c(67): warning:  #1295-D: Deprecated declaration Read_ADC - give arg types
  void Read_ADC();
../Src/main.c(68): warning:  #1295-D: Deprecated declaration Date_analyse - give arg types
  void Date_analyse();
../Src/main.c: 3 warnings, 0 errors
linking...
Program Size: Code=15764 RO-data=292 RW-data=368 ZI-data=4424  
FromELF: creating hex file...
"first\first.axf" - 0 Error(s), 3 Warning(s).

<h2>Software Packages used:</h2>

Package Vendor: ARM
                http://www.keil.com/pack/ARM.CMSIS.5.5.1.pack
                ARM.CMSIS.5.5.1
                CMSIS (Cortex Microcontroller Software Interface Standard)
   * Component: CORE Version: 5.2.0

Package Vendor: Keil
                http://www.keil.com/pack/Keil.STM32F1xx_DFP.2.3.0.pack
                Keil.STM32F1xx_DFP.2.3.0
                STMicroelectronics STM32F1 Series Device Support, Drivers and Examples

<h2>Collection of Component include folders:</h2>
  .\RTE\_first
  E:\keil\keil_mdk_r\arm_pack\ARM\CMSIS\5.5.1\CMSIS\Core\Include
  E:\keil\keil_mdk_r\arm_pack\Keil\STM32F1xx_DFP\2.3.0\Device\Include

<h2>Collection of Component Files used:</h2>

   * Component: ARM::CMSIS:CORE:5.2.0
Build Time Elapsed:  00:00:02
</pre>
</body>
</html>
